KEY=strong_1 JOB=4270349
KEY=strong_2 JOB=4270350
KEY=strong_4 JOB=4270351
KEY=strong_6 JOB=4270352
KEY=strong_12 JOB=4270353
KEY=strong_24 JOB=4270354
KEY=strong_48 JOB=4270355
KEY=weak_1 JOB=4270356
KEY=weak_4 JOB=4270357
KEY=weak_16 JOB=4270358
KEY=cpu_1 JOB=4270359
KEY=gpu_1 JOB=4270360
KEY=cpu_4 JOB=4270361
KEY=gpu_4 JOB=4270362
KEY=gpu_16 JOB=4270365
KEY=ksweep_naive_256 JOB=4270367
KEY=ksweep_shared_256 JOB=4270368
KEY=ksweep_naive_1024 JOB=4270369
KEY=ksweep_shared_1024 JOB=4270370
KEY=ksweep_naive_4096 JOB=4270371
KEY=ksweep_shared_4096 JOB=4270372
KEY=ksweep_naive_16384 JOB=4270373
KEY=ksweep_shared_16384 JOB=4270374
KEY=io_0 JOB=4270375
KEY=io_100 JOB=4270376
KEY=io_25 JOB=4270377
KEY=cpu_16 JOB=4270402
KEY=breakdown_16 JOB=4270403
