\BOOKMARK [1][-]{section*.1}{\376\377\000A\000b\000s\000t\000r\000a\000c\000t}{}% 1
\BOOKMARK [1][-]{section.1}{\376\377\0001\000\040\000I\000n\000t\000r\000o\000d\000u\000c\000t\000i\000o\000n}{}% 2
\BOOKMARK [1][-]{section.2}{\376\377\0002\000\040\000B\000a\000c\000k\000g\000r\000o\000u\000n\000d}{}% 3
\BOOKMARK [2][-]{subsection.2.1}{\376\377\0002\000.\0001\000\040\000T\000h\000e\000\040\000G\000a\000m\000e\000\040\000o\000f\000\040\000L\000i\000f\000e\000\040\000a\000s\000\040\000a\000\040\000s\000t\000e\000n\000c\000i\000l}{section.2}% 4
\BOOKMARK [2][-]{subsection.2.2}{\376\377\0002\000.\0002\000\040\000A\000i\000M\000O\000S\000\040\000D\000C\000S\000\040\000h\000a\000r\000d\000w\000a\000r\000e}{section.2}% 5
\BOOKMARK [1][-]{section.3}{\376\377\0003\000\040\000R\000e\000l\000a\000t\000e\000d\000\040\000W\000o\000r\000k}{}% 6
\BOOKMARK [1][-]{section.4}{\376\377\0004\000\040\000I\000m\000p\000l\000e\000m\000e\000n\000t\000a\000t\000i\000o\000n}{}% 7
\BOOKMARK [2][-]{subsection.4.1}{\376\377\0004\000.\0001\000\040\000R\000e\000p\000o\000s\000i\000t\000o\000r\000y\000\040\000l\000a\000y\000o\000u\000t\000\040\000a\000n\000d\000\040\000b\000u\000i\000l\000d}{section.4}% 8
\BOOKMARK [2][-]{subsection.4.2}{\376\377\0004\000.\0002\000\040\000D\000e\000c\000o\000m\000p\000o\000s\000i\000t\000i\000o\000n\000\040\000a\000n\000d\000\040\000h\000a\000l\000o\000\040\000l\000a\000y\000o\000u\000t}{section.4}% 9
\BOOKMARK [2][-]{subsection.4.3}{\376\377\0004\000.\0003\000\040\000T\000w\000o\000-\000p\000h\000a\000s\000e\000\040\000h\000a\000l\000o\000\040\000e\000x\000c\000h\000a\000n\000g\000e}{section.4}% 10
\BOOKMARK [2][-]{subsection.4.4}{\376\377\0004\000.\0004\000\040\000C\000U\000D\000A\000\040\000k\000e\000r\000n\000e\000l\000\040\000v\000a\000r\000i\000a\000n\000t\000s}{section.4}% 11
\BOOKMARK [2][-]{subsection.4.5}{\376\377\0004\000.\0005\000\040\000M\000P\000I\000-\000I\000O\000\040\000c\000h\000e\000c\000k\000p\000o\000i\000n\000t}{section.4}% 12
\BOOKMARK [1][-]{section.5}{\376\377\0005\000\040\000E\000x\000p\000e\000r\000i\000m\000e\000n\000t\000a\000l\000\040\000S\000e\000t\000u\000p}{}% 13
\BOOKMARK [1][-]{section.6}{\376\377\0006\000\040\000R\000e\000s\000u\000l\000t\000s}{}% 14
\BOOKMARK [2][-]{subsection.6.1}{\376\377\0006\000.\0001\000\040\000S\000t\000r\000o\000n\000g\000\040\000s\000c\000a\000l\000i\000n\000g}{section.6}% 15
\BOOKMARK [2][-]{subsection.6.2}{\376\377\0006\000.\0002\000\040\000W\000e\000a\000k\000\040\000s\000c\000a\000l\000i\000n\000g}{section.6}% 16
\BOOKMARK [2][-]{subsection.6.3}{\376\377\0006\000.\0003\000\040\000C\000P\000U\000\040\000v\000s\000\040\000h\000y\000b\000r\000i\000d}{section.6}% 17
\BOOKMARK [2][-]{subsection.6.4}{\376\377\0006\000.\0004\000\040\000P\000e\000r\000-\000p\000h\000a\000s\000e\000\040\000b\000r\000e\000a\000k\000d\000o\000w\000n}{section.6}% 18
\BOOKMARK [2][-]{subsection.6.5}{\376\377\0006\000.\0005\000\040\000M\000P\000I\000-\000I\000O\000\040\000c\000h\000e\000c\000k\000p\000o\000i\000n\000t\000i\000n\000g\000\040\000c\000o\000s\000t}{section.6}% 19
\BOOKMARK [1][-]{section.7}{\376\377\0007\000\040\000A\000n\000a\000l\000y\000s\000i\000s}{}% 20
\BOOKMARK [1][-]{section.8}{\376\377\0008\000\040\000C\000o\000n\000c\000l\000u\000s\000i\000o\000n\000\040\000a\000n\000d\000\040\000F\000u\000t\000u\000r\000e\000\040\000W\000o\000r\000k}{}% 21
\BOOKMARK [1][-]{section*.19}{\376\377\000R\000e\000f\000e\000r\000e\000n\000c\000e\000s}{}% 22
